// Jest Snapshot v1, https://goo.gl/fbAQLP

exports[`<Button /> should render the button 1`] = `
.c0 {
  background: #FF0000;
  font-family: 'Roboto',sans-serif;
  font-size: 2.0rem;
  font-weight: 900;
  color: #FFFFFF;
  cursor: pointer;
  border: none;
  border-radius: 5px;
  -webkit-text-decoration: none;
  text-decoration: none;
  -webkit-align-items: center;
  -webkit-box-align: center;
  -ms-flex-align: center;
  align-items: center;
  -webkit-box-pack: center;
  -webkit-justify-content: center;
  -ms-flex-pack: center;
  justify-content: center;
  height: 6.1rem;
  width: 100%;
  text-transform: uppercase;
  padding: 0.8rem;
}

<button
  class="c0"
>
  CARRINHO
</button>
`;
