// Jest Snapshot v1, https://goo.gl/fbAQLP

exports[`<ReviewPriceBox /> should render the heading 1`] = `
.c0 {
  display: -webkit-box;
  display: -webkit-flex;
  display: -ms-flexbox;
  display: flex;
  width: 100%;
  background: #FF0000;
  color: #FFFFFF;
  font-size: 2.0rem;
  font-weight: bold;
  height: 8.8rem;
  -webkit-box-pack: justify;
  -webkit-justify-content: space-between;
  -ms-flex-pack: justify;
  justify-content: space-between;
  -webkit-align-items: center;
  -webkit-box-align: center;
  -ms-flex-align: center;
  align-items: center;
  padding: 20px 20px 20px 18px;
}

.c0 span {
  margin-top: 8px;
  font-size: 3.0rem;
}

.c0 p {
  margin-top: 8px;
}

<div
  class="c0"
  data-testid="reviewPriceBox"
>
  <p>
    Total
  </p>
  <span>
    R$
    49,89
  </span>
</div>
`;
